<testsuites name="results">
  <testsuite name="all" package="all">
    <property name="random_seed" value="1747166548" />
    <testcase name="run_test_uart_rx" classname="test_uart_rx" file="/home/imp/work/uart/test/test_uart_rx.py" lineno="41" time="328.17820143699646" sim_time_ns="156680.0" ratio_time="477.42354401951155">
      <failure message="Test failed with RANDOM_SEED=1747166548" />
    </testcase>
  </testsuite>
</testsuites>
